// Jest Snapshot v1, https://goo.gl/fbAQLP

exports[`render with default styles 1`] = `ShallowWrapper {}`;
