// Jest Snapshot v1, https://goo.gl/fbAQLP

exports[`renders with default style 1`] = `ShallowWrapper {}`;
